// Jest Snapshot v1, https://goo.gl/fbAQLP

exports[`<App /> App.js matches snapshot 1`] = `
<h2>
  Fetching data...
</h2>
`;
